19:05:49  pcxr 0.1.0: all
19:05:56  Exploring the data
19:05:56  Class counts:
       normal  pneumonia  total  pneumonia_fraction
split                                              
train    1214       3494   4708               0.742
val       135        389    524               0.742
test      234        390    624               0.625
19:05:56  Images are 28x28. Training-set pixel mean 0.5719, std 0.1684 (pixels scaled to 0-1).
19:05:56  Fitting the logistic regression baseline (C chosen by validation AUROC)
19:05:56    logistic regression  C=0.001   validation AUROC=0.9886
19:05:56    logistic regression  C=0.01    validation AUROC=0.9916
19:05:57    logistic regression  C=0.1     validation AUROC=0.9905
19:05:57    logistic regression  C=1       validation AUROC=0.9866
19:05:57    chose C=0.01
19:05:57  Training the CNN: CNN (seed 0)
19:05:57    training on cpu, seed 0
19:06:01    epoch  1  train loss 0.2180  val loss 0.1631  val AUROC 0.9586  *best
19:06:04    epoch  2  train loss 0.1445  val loss 0.1300  val AUROC 0.9726  *best
19:06:08    epoch  3  train loss 0.1161  val loss 0.1128  val AUROC 0.9807  *best
19:06:12    epoch  4  train loss 0.1002  val loss 0.1169  val AUROC 0.9839  *best
19:06:15    epoch  5  train loss 0.0879  val loss 0.1193  val AUROC 0.9876  *best
19:06:19    epoch  6  train loss 0.0779  val loss 0.1318  val AUROC 0.9904  *best
19:06:23    epoch  7  train loss 0.0720  val loss 0.0743  val AUROC 0.9926  *best
19:06:26    epoch  8  train loss 0.0722  val loss 0.0898  val AUROC 0.9843
19:06:30    epoch  9  train loss 0.0720  val loss 0.1028  val AUROC 0.9866
19:06:33    epoch 10  train loss 0.0639  val loss 0.2085  val AUROC 0.9915
19:06:37    epoch 11  train loss 0.0619  val loss 0.0897  val AUROC 0.9912
19:06:41    epoch 12  train loss 0.0648  val loss 0.0892  val AUROC 0.9900
19:06:41    early stop: no validation improvement for 5 epochs
19:06:41    best epoch 7 (val AUROC 0.9926)
19:06:41    23473 trainable parameters
19:06:41  Training the CNN: CNN (seed 1)
19:06:41    training on cpu, seed 1
19:06:45    epoch  1  train loss 0.2185  val loss 0.2760  val AUROC 0.9589  *best
19:06:48    epoch  2  train loss 0.1345  val loss 0.1390  val AUROC 0.9761  *best
19:06:53    epoch  3  train loss 0.1062  val loss 0.1742  val AUROC 0.9825  *best
19:06:56    epoch  4  train loss 0.0889  val loss 0.1089  val AUROC 0.9753
19:07:00    epoch  5  train loss 0.0801  val loss 0.1422  val AUROC 0.9830  *best
19:07:04    epoch  6  train loss 0.0789  val loss 0.0969  val AUROC 0.9891  *best
19:07:07    epoch  7  train loss 0.0766  val loss 0.1125  val AUROC 0.9880
19:07:11    epoch  8  train loss 0.0749  val loss 0.0805  val AUROC 0.9854
19:07:14    epoch  9  train loss 0.0676  val loss 0.1307  val AUROC 0.9922  *best
19:07:18    epoch 10  train loss 0.0597  val loss 0.0604  val AUROC 0.9938  *best
19:07:22    epoch 11  train loss 0.0616  val loss 0.1361  val AUROC 0.9871
19:07:25    epoch 12  train loss 0.0610  val loss 0.0864  val AUROC 0.9944  *best
19:07:29    epoch 13  train loss 0.0584  val loss 0.1576  val AUROC 0.9948  *best
19:07:32    epoch 14  train loss 0.0579  val loss 0.0753  val AUROC 0.9932
19:07:36    epoch 15  train loss 0.0508  val loss 0.0513  val AUROC 0.9947
19:07:40    epoch 16  train loss 0.0503  val loss 0.0462  val AUROC 0.9960  *best
19:07:43    epoch 17  train loss 0.0547  val loss 0.0553  val AUROC 0.9941
19:07:47    epoch 18  train loss 0.0542  val loss 0.1838  val AUROC 0.9957
19:07:51    epoch 19  train loss 0.0574  val loss 0.0621  val AUROC 0.9959
19:07:54    epoch 20  train loss 0.0557  val loss 0.1058  val AUROC 0.9949
19:07:58    epoch 21  train loss 0.0531  val loss 0.0538  val AUROC 0.9957
19:07:58    early stop: no validation improvement for 5 epochs
19:07:58    best epoch 16 (val AUROC 0.9960)
19:07:58    23473 trainable parameters
19:07:58  Training the CNN: CNN (seed 2)
19:07:58    training on cpu, seed 2
19:08:02    epoch  1  train loss 0.2224  val loss 0.1632  val AUROC 0.9583  *best
19:08:06    epoch  2  train loss 0.1489  val loss 0.1350  val AUROC 0.9683  *best
19:08:09    epoch  3  train loss 0.1179  val loss 0.1691  val AUROC 0.9761  *best
19:08:13    epoch  4  train loss 0.1043  val loss 0.0960  val AUROC 0.9847  *best
19:08:17    epoch  5  train loss 0.0857  val loss 0.1295  val AUROC 0.9858  *best
19:08:20    epoch  6  train loss 0.0785  val loss 0.0750  val AUROC 0.9911  *best
19:08:24    epoch  7  train loss 0.0733  val loss 0.0763  val AUROC 0.9884
19:08:28    epoch  8  train loss 0.0673  val loss 0.0628  val AUROC 0.9943  *best
19:08:34    epoch  9  train loss 0.0629  val loss 0.0615  val AUROC 0.9946  *best
19:08:39    epoch 10  train loss 0.0616  val loss 0.0545  val AUROC 0.9953  *best
19:08:43    epoch 11  train loss 0.0603  val loss 0.1897  val AUROC 0.9947
19:08:47    epoch 12  train loss 0.0583  val loss 0.0502  val AUROC 0.9971  *best
19:08:51    epoch 13  train loss 0.0531  val loss 0.0718  val AUROC 0.9946
19:08:55    epoch 14  train loss 0.0499  val loss 0.0539  val AUROC 0.9963
19:08:59    epoch 15  train loss 0.0521  val loss 0.0757  val AUROC 0.9880
19:09:03    epoch 16  train loss 0.0502  val loss 0.0384  val AUROC 0.9972  *best
19:09:07    epoch 17  train loss 0.0477  val loss 0.1474  val AUROC 0.9962
19:09:11    epoch 18  train loss 0.0523  val loss 0.0683  val AUROC 0.9951
19:09:15    epoch 19  train loss 0.0488  val loss 0.0659  val AUROC 0.9975  *best
19:09:19    epoch 20  train loss 0.0441  val loss 0.0441  val AUROC 0.9977  *best
19:09:23    epoch 21  train loss 0.0461  val loss 0.0447  val AUROC 0.9964
19:09:27    epoch 22  train loss 0.0415  val loss 0.0455  val AUROC 0.9956
19:09:31    epoch 23  train loss 0.0420  val loss 0.1846  val AUROC 0.9951
19:09:35    epoch 24  train loss 0.0460  val loss 0.2878  val AUROC 0.9912
19:09:39    epoch 25  train loss 0.0411  val loss 0.0384  val AUROC 0.9972
19:09:39    early stop: no validation improvement for 5 epochs
19:09:39    best epoch 20 (val AUROC 0.9977)
19:09:39    23473 trainable parameters
19:09:39  Evaluating 4 runs on the test set (2000 bootstrap resamples)
19:10:18  
## Test-set results

Each model's decision threshold was chosen on the validation set (Youden's J) and then applied unchanged to the 624 test images. Brackets show 95% percentile bootstrap confidence intervals (2,000 resamples of the test set).

| Model | AUROC | Sensitivity | Specificity | Accuracy | Threshold |
|---|---|---|---|---|---|
| Logistic regression | 0.930 [0.904, 0.952] | 0.964 [0.946, 0.981] | 0.752 [0.697, 0.810] | 0.885 [0.859, 0.910] | 0.588 |
| CNN (seed 0) | 0.962 [0.948, 0.976] | 0.951 [0.929, 0.972] | 0.791 [0.737, 0.841] | 0.891 [0.867, 0.913] | 0.411 |
| CNN (seed 1) | 0.965 [0.951, 0.977] | 0.954 [0.933, 0.974] | 0.769 [0.714, 0.820] | 0.885 [0.861, 0.909] | 0.631 |
| CNN (seed 2) | 0.974 [0.962, 0.984] | 0.987 [0.974, 0.997] | 0.709 [0.649, 0.766] | 0.883 [0.857, 0.907] | 0.224 |
| **CNN, mean ± SD over 3 seeds** | 0.967 ± 0.006 | 0.964 ± 0.020 | 0.756 ± 0.042 | 0.886 ± 0.004 | – |

### CNN vs. logistic regression (paired bootstrap)

| Comparison | AUROC difference [95% CI] |
|---|---|
| CNN (seed 0) minus Logistic regression | +0.032 [+0.014, +0.054] |
| CNN (seed 1) minus Logistic regression | +0.035 [+0.018, +0.056] |
| CNN (seed 2) minus Logistic regression | +0.044 [+0.026, +0.066] |

An interval that excludes 0 means the test data support a real difference in AUROC.

19:10:19  Done. Outputs are in C:\Users\jathi\Desktop\pneumonia-cxr-classifier\pneumonia-cxr-classifier\results
